Archive member included to satisfy reference by file (symbol)

c:/st/stm32cubeide_1.5.1/stm32cubeide/plugins/com.st.stm32cube.ide.mcu.externaltools.gnu-tools-for-stm32.7-2018-q2-update.win32_1.5.0.202011040924/tools/bin/../lib/gcc/arm-none-eabi/7.3.1/../../../../arm-none-eabi/lib/thumb/v7-m\libc_nano.a(lib_a-errno.o)
                              Core/Src/syscalls.o (__errno)
c:/st/stm32cubeide_1.5.1/stm32cubeide/plugins/com.st.stm32cube.ide.mcu.externaltools.gnu-tools-for-stm32.7-2018-q2-update.win32_1.5.0.202011040924/tools/bin/../lib/gcc/arm-none-eabi/7.3.1/../../../../arm-none-eabi/lib/thumb/v7-m\libc_nano.a(lib_a-exit.o)
                              c:/st/stm32cubeide_1.5.1/stm32cubeide/plugins/com.st.stm32cube.ide.mcu.externaltools.gnu-tools-for-stm32.7-2018-q2-update.win32_1.5.0.202011040924/tools/bin/../lib/gcc/arm-none-eabi/7.3.1/../../../../arm-none-eabi/lib/thumb/v7-m/crt0.o (exit)
c:/st/stm32cubeide_1.5.1/stm32cubeide/plugins/com.st.stm32cube.ide.mcu.externaltools.gnu-tools-for-stm32.7-2018-q2-update.win32_1.5.0.202011040924/tools/bin/../lib/gcc/arm-none-eabi/7.3.1/../../../../arm-none-eabi/lib/thumb/v7-m\libc_nano.a(lib_a-impure.o)
                              c:/st/stm32cubeide_1.5.1/stm32cubeide/plugins/com.st.stm32cube.ide.mcu.externaltools.gnu-tools-for-stm32.7-2018-q2-update.win32_1.5.0.202011040924/tools/bin/../lib/gcc/arm-none-eabi/7.3.1/../../../../arm-none-eabi/lib/thumb/v7-m\libc_nano.a(lib_a-exit.o) (_global_impure_ptr)
c:/st/stm32cubeide_1.5.1/stm32cubeide/plugins/com.st.stm32cube.ide.mcu.externaltools.gnu-tools-for-stm32.7-2018-q2-update.win32_1.5.0.202011040924/tools/bin/../lib/gcc/arm-none-eabi/7.3.1/../../../../arm-none-eabi/lib/thumb/v7-m\libc_nano.a(lib_a-init.o)
                              c:/st/stm32cubeide_1.5.1/stm32cubeide/plugins/com.st.stm32cube.ide.mcu.externaltools.gnu-tools-for-stm32.7-2018-q2-update.win32_1.5.0.202011040924/tools/bin/../lib/gcc/arm-none-eabi/7.3.1/../../../../arm-none-eabi/lib/thumb/v7-m/crt0.o (__libc_init_array)
c:/st/stm32cubeide_1.5.1/stm32cubeide/plugins/com.st.stm32cube.ide.mcu.externaltools.gnu-tools-for-stm32.7-2018-q2-update.win32_1.5.0.202011040924/tools/bin/../lib/gcc/arm-none-eabi/7.3.1/../../../../arm-none-eabi/lib/thumb/v7-m\libc_nano.a(lib_a-memset.o)
                              c:/st/stm32cubeide_1.5.1/stm32cubeide/plugins/com.st.stm32cube.ide.mcu.externaltools.gnu-tools-for-stm32.7-2018-q2-update.win32_1.5.0.202011040924/tools/bin/../lib/gcc/arm-none-eabi/7.3.1/../../../../arm-none-eabi/lib/thumb/v7-m/crt0.o (memset)
c:/st/stm32cubeide_1.5.1/stm32cubeide/plugins/com.st.stm32cube.ide.mcu.externaltools.gnu-tools-for-stm32.7-2018-q2-update.win32_1.5.0.202011040924/tools/bin/../lib/gcc/arm-none-eabi/7.3.1/../../../../arm-none-eabi/lib/thumb/v7-m\libc_nano.a(lib_a-rand.o)
                              Core/Src/visEffect.o (rand)
c:/st/stm32cubeide_1.5.1/stm32cubeide/plugins/com.st.stm32cube.ide.mcu.externaltools.gnu-tools-for-stm32.7-2018-q2-update.win32_1.5.0.202011040924/tools/bin/../lib/gcc/arm-none-eabi/7.3.1/../../../../arm-none-eabi/lib/thumb/v7-m\libc_nano.a(lib_a-malloc.o)
                              c:/st/stm32cubeide_1.5.1/stm32cubeide/plugins/com.st.stm32cube.ide.mcu.externaltools.gnu-tools-for-stm32.7-2018-q2-update.win32_1.5.0.202011040924/tools/bin/../lib/gcc/arm-none-eabi/7.3.1/../../../../arm-none-eabi/lib/thumb/v7-m\libc_nano.a(lib_a-rand.o) (malloc)
c:/st/stm32cubeide_1.5.1/stm32cubeide/plugins/com.st.stm32cube.ide.mcu.externaltools.gnu-tools-for-stm32.7-2018-q2-update.win32_1.5.0.202011040924/tools/bin/../lib/gcc/arm-none-eabi/7.3.1/../../../../arm-none-eabi/lib/thumb/v7-m\libc_nano.a(lib_a-nano-freer.o)
                              c:/st/stm32cubeide_1.5.1/stm32cubeide/plugins/com.st.stm32cube.ide.mcu.externaltools.gnu-tools-for-stm32.7-2018-q2-update.win32_1.5.0.202011040924/tools/bin/../lib/gcc/arm-none-eabi/7.3.1/../../../../arm-none-eabi/lib/thumb/v7-m\libc_nano.a(lib_a-malloc.o) (_free_r)
c:/st/stm32cubeide_1.5.1/stm32cubeide/plugins/com.st.stm32cube.ide.mcu.externaltools.gnu-tools-for-stm32.7-2018-q2-update.win32_1.5.0.202011040924/tools/bin/../lib/gcc/arm-none-eabi/7.3.1/../../../../arm-none-eabi/lib/thumb/v7-m\libc_nano.a(lib_a-nano-mallocr.o)
                              c:/st/stm32cubeide_1.5.1/stm32cubeide/plugins/com.st.stm32cube.ide.mcu.externaltools.gnu-tools-for-stm32.7-2018-q2-update.win32_1.5.0.202011040924/tools/bin/../lib/gcc/arm-none-eabi/7.3.1/../../../../arm-none-eabi/lib/thumb/v7-m\libc_nano.a(lib_a-malloc.o) (_malloc_r)
c:/st/stm32cubeide_1.5.1/stm32cubeide/plugins/com.st.stm32cube.ide.mcu.externaltools.gnu-tools-for-stm32.7-2018-q2-update.win32_1.5.0.202011040924/tools/bin/../lib/gcc/arm-none-eabi/7.3.1/../../../../arm-none-eabi/lib/thumb/v7-m\libc_nano.a(lib_a-sbrkr.o)
[...]
Memory Configuration

Name             Origin             Length             Attributes
RAM              0x0000000020000000 0x0000000000005000 xrw
FLASH            0x0000000008000000 0x0000000000010000 xr
*default*        0x0000000000000000 0xffffffffffffffff

Linker script and memory map

LOAD c:/st/stm32cubeide_1.5.1/stm32cubeide/plugins/com.st.stm32cube.ide.mcu.externaltools.gnu-tools-for-stm32.7-2018-q2-update.win32_1.5.0.202011040924/tools/bin/../lib/gcc/arm-none-eabi/7.3.1/thumb/v7-m/crti.o
LOAD c:/st/stm32cubeide_1.5.1/stm32cubeide/plugins/com.st.stm32cube.ide.mcu.externaltools.gnu-tools-for-stm32.7-2018-q2-update.win32_1.5.0.202011040924/tools/bin/../lib/gcc/arm-none-eabi/7.3.1/thumb/v7-m/crtbegin.o
LOAD c:/st/stm32cubeide_1.5.1/stm32cubeide/plugins/com.st.stm32cube.ide.mcu.externaltools.gnu-tools-for-stm32.7-2018-q2-update.win32_1.5.0.202011040924/tools/bin/../lib/gcc/arm-none-eabi/7.3.1/../../../../arm-none-eabi/lib/thumb/v7-m/crt0.o
LOAD Core/Src/main.o
LOAD Core/Src/stm32f1xx_hal_msp.o
LOAD Core/Src/stm32f1xx_it.o
LOAD Core/Src/syscalls.o
LOAD Core/Src/sysmem.o
LOAD Core/Src/system_stm32f1xx.o
LOAD Core/Src/visEffect.o
LOAD Core/Src/ws2812b.o
LOAD Core/Startup/startup_stm32f103c8tx.o
LOAD Drivers/STM32F1xx_HAL_Driver/Src/stm32f1xx_hal.o
LOAD Drivers/STM32F1xx_HAL_Driver/Src/stm32f1xx_hal_cortex.o
LOAD Drivers/STM32F1xx_HAL_Driver/Src/stm32f1xx_hal_dma.o
LOAD Drivers/STM32F1xx_HAL_Driver/Src/stm32f1xx_hal_exti.o
LOAD Drivers/STM32F1xx_HAL_Driver/Src/stm32f1xx_hal_flash.o
LOAD Drivers/STM32F1xx_HAL_Driver/Src/stm32f1xx_hal_flash_ex.o
LOAD Drivers/STM32F1xx_HAL_Driver/Src/stm32f1xx_hal_gpio.o
LOAD Drivers/STM32F1xx_HAL_Driver/Src/stm32f1xx_hal_gpio_ex.o
LOAD Drivers/STM32F1xx_HAL_Driver/Src/stm32f1xx_hal_pwr.o
LOAD Drivers/STM32F1xx_HAL_Driver/Src/stm32f1xx_hal_rcc.o
LOAD Drivers/STM32F1xx_HAL_Driver/Src/stm32f1xx_hal_rcc_ex.o
LOAD Drivers/STM32F1xx_HAL_Driver/Src/stm32f1xx_hal_tim.o
LOAD Drivers/STM32F1xx_HAL_Driver/Src/stm32f1xx_hal_tim_ex.o
START GROUP
LOAD c:/st/stm32cubeide_1.5.1/stm32cubeide/plugins/com.st.stm32cube.ide.mcu.externaltools.gnu-tools-for-stm32.7-2018-q2-update.win32_1.5.0.202011040924/tools/bin/../lib/gcc/arm-none-eabi/7.3.1/../../../../arm-none-eabi/lib/thumb/v7-m\libc_nano.a
LOAD c:/st/stm32cubeide_1.5.1/stm32cubeide/plugins/com.st.stm32cube.ide.mcu.externaltools.gnu-tools-for-stm32.7-2018-q2-update.win32_1.5.0.202011040924/tools/bin/../lib/gcc/arm-none-eabi/7.3.1/../../../../arm-none-eabi/lib/thumb/v7-m\libm.a
END GROUP
START GROUP
LOAD c:/st/stm32cubeide_1.5.1/stm32cubeide/plugins/com.st.stm32cube.ide.mcu.externaltools.gnu-tools-for-stm32.7-2018-q2-update.win32_1.5.0.202011040924/tools/bin/../lib/gcc/arm-none-eabi/7.3.1/thumb/v7-m\libgcc.a
LOAD c:/st/stm32cubeide_1.5.1/stm32cubeide/plugins/com.st.stm32cube.ide.mcu.externaltools.gnu-tools-for-stm32.7-2018-q2-update.win32_1.5.0.202011040924/tools/bin/../lib/gcc/arm-none-eabi/7.3.1/../../../../arm-none-eabi/lib/thumb/v7-m\libc_nano.a
END GROUP
START GROUP
LOAD c:/st/stm32cubeide_1.5.1/stm32cubeide/plugins/com.st.stm32cube.ide.mcu.externaltools.gnu-tools-for-stm32.7-2018-q2-update.win32_1.5.0.202011040924/tools/bin/../lib/gcc/arm-none-eabi/7.3.1/thumb/v7-m\libgcc.a
LOAD c:/st/stm32cubeide_1.5.1/stm32cubeide/plugins/com.st.stm32cube.ide.mcu.externaltools.gnu-tools-for-stm32.7-2018-q2-update.win32_1.5.0.202011040924/tools/bin/../lib/gcc/arm-none-eabi/7.3.1/../../../../arm-none-eabi/lib/thumb/v7-m\libc_nano.a
LOAD c:/st/stm32cubeide_1.5.1/stm32cubeide/plugins/com.st.stm32cube.ide.mcu.externaltools.gnu-tools-for-stm32.7-2018-q2-update.win32_1.5.0.202011040924/tools/bin/../lib/gcc/arm-none-eabi/7.3.1/../../../../arm-none-eabi/lib/thumb/v7-m\libnosys.a
END GROUP
START GROUP
LOAD c:/st/stm32cubeide_1.5.1/stm32cubeide/plugins/com.st.stm32cube.ide.mcu.externaltools.gnu-tools-for-stm32.7-2018-q2-update.win32_1.5.0.202011040924/tools/bin/../lib/gcc/arm-none-eabi/7.3.1/thumb/v7-m\libgcc.a
LOAD c:/st/stm32cubeide_1.5.1/stm32cubeide/plugins/com.st.stm32cube.ide.mcu.externaltools.gnu-tools-for-stm32.7-2018-q2-update.win32_1.5.0.202011040924/tools/bin/../lib/gcc/arm-none-eabi/7.3.1/../../../../arm-none-eabi/lib/thumb/v7-m\libc_nano.a
LOAD c:/st/stm32cubeide_1.5.1/stm32cubeide/plugins/com.st.stm32cube.ide.mcu.externaltools.gnu-tools-for-stm32.7-2018-q2-update.win32_1.5.0.202011040924/tools/bin/../lib/gcc/arm-none-eabi/7.3.1/../../../../arm-none-eabi/lib/thumb/v7-m\libnosys.a
END GROUP
LOAD c:/st/stm32cubeide_1.5.1/stm32cubeide/plugins/com.st.stm32cube.ide.mcu.externaltools.gnu-tools-for-stm32.7-2018-q2-update.win32_1.5.0.202011040924/tools/bin/../lib/gcc/arm-none-eabi/7.3.1/thumb/v7-m/crtend.o
LOAD c:/st/stm32cubeide_1.5.1/stm32cubeide/plugins/com.st.stm32cube.ide.mcu.externaltools.gnu-tools-for-stm32.7-2018-q2-update.win32_1.5.0.202011040924/tools/bin/../lib/gcc/arm-none-eabi/7.3.1/thumb/v7-m/crtn.o
                0x0000000020005000                _estack = (ORIGIN (RAM) + LENGTH (RAM))
                0x0000000000000200                _Min_Heap_Size = 0x200
                0x0000000000000400                _Min_Stack_Size = 0x400

.isr_vector     0x0000000008000000      0x10c
                0x0000000008000000                . = ALIGN (0x4)
 *(.isr_vector)
 .isr_vector    0x0000000008000000      0x10c Core/Startup/startup_stm32f103c8tx.o
                0x0000000008000000                g_pfnVectors
                0x000000000800010c                . = ALIGN (0x4)

.text           0x000000000800010c     0x2d18
                0x000000000800010c                . = ALIGN (0x4)
 *(.text)
 .text          0x000000000800010c       0x40 c:/st/stm32cubeide_1.5.1/stm32cubeide/plugins/com.st.stm32cube.ide.mcu.externaltools.gnu-tools-for-stm32.7-2018-q2-update.win32_1.5.0.202011040924/tools/bin/../lib/gcc/arm-none-eabi/7.3.1/thumb/v7-m/crtbegin.o
 *(.text*)
 .text.main     0x000000000800014c       0x1a Core/Src/main.o
                0x000000000800014c                main
 .text.SystemClock_Config
                0x0000000008000166       0x8a Core/Src/main.o
                0x0000000008000166                SystemClock_Config
 .text.MX_GPIO_Init
                0x00000000080001f0       0x2c Core/Src/main.o
 .text.Error_Handler
                0x000000000800021c        0x8 Core/Src/main.o
                0x000000000800021c                Error_Handler
 .text.HAL_MspInit
                0x0000000008000224       0x64 Core/Src/stm32f1xx_hal_msp.o
                0x0000000008000224                HAL_MspInit
 .text.NMI_Handler
                0x0000000008000288        0x6 Core/Src/stm32f1xx_it.o
                0x0000000008000288                NMI_Handler
 .text.HardFault_Handler
                0x000000000800028e        0x6 Core/Src/stm32f1xx_it.o
                0x000000000800028e                HardFault_Handler
 .text.MemManage_Handler
                0x0000000008000294        0x6 Core/Src/stm32f1xx_it.o
                0x0000000008000294                MemManage_Handler
 .text.BusFault_Handler
                0x000000000800029a        0x6 Core/Src/stm32f1xx_it.o
                0x000000000800029a                BusFault_Handler
 .text.UsageFault_Handler
                0x00000000080002a0        0x6 Core/Src/stm32f1xx_it.o
                0x00000000080002a0                UsageFault_Handler
 .text.SVC_Handler
                0x00000000080002a6        0xc Core/Src/stm32f1xx_it.o
                0x00000000080002a6                SVC_Handler
 .text.DebugMon_Handler
                0x00000000080002b2        0xc Core/Src/stm32f1xx_it.o
                0x00000000080002b2                DebugMon_Handler
 .text.PendSV_Handler
                0x00000000080002be        0xc Core/Src/stm32f1xx_it.o
                0x00000000080002be                PendSV_Handler
 .text.SysTick_Handler
                0x00000000080002ca        0xc Core/Src/stm32f1xx_it.o
                0x00000000080002ca                SysTick_Handler
 *fill*         0x00000000080002d6        0x2 
 .text._sbrk    0x00000000080002d8       0x6c Core/Src/sysmem.o
                0x00000000080002d8                _sbrk
 .text.SystemInit
                0x0000000008000344        0xc Core/Src/system_stm32f1xx.o
                0x0000000008000344                SystemInit
 .text.Wheel    0x0000000008000350       0x7a Core/Src/visEffect.o
                0x0000000008000350                Wheel
 *fill*         0x00000000080003ca        0x2 
 .text.visRainbow
                0x00000000080003cc       0xa0 Core/Src/visEffect.o
                0x00000000080003cc                visRainbow
 .text.visDots  0x000000000800046c      0x1b8 Core/Src/visEffect.o
                0x000000000800046c                visDots
 .text.visHandle2
                0x0000000008000624       0x44 Core/Src/visEffect.o
                0x0000000008000624                visHandle2
 .text.visInit  0x0000000008000668       0x3c Core/Src/visEffect.o
                0x0000000008000668                visInit
 .text.visHandle
                0x00000000080006a4       0x24 Core/Src/visEffect.o
                0x00000000080006a4                visHandle
 .text.ws2812b_gpio_init
                0x00000000080006c8       0x80 Core/Src/ws2812b.o
 .text.TIM2_init
                0x0000000008000748      0x134 Core/Src/ws2812b.o
 .text.DMA_init
                0x000000000800087c      0x154 Core/Src/ws2812b.o
 .text.DMA1_Channel2_IRQHandler
                0x00000000080009d0       0x14 Core/Src/ws2812b.o
                0x00000000080009d0                DMA1_Channel2_IRQHandler
 .text.DMA1_Channel5_IRQHandler
                0x00000000080009e4       0x14 Core/Src/ws2812b.o
                0x00000000080009e4                DMA1_Channel5_IRQHandler
 .text.DMA1_Channel7_IRQHandler
                0x00000000080009f8       0x14 Core/Src/ws2812b.o
                0x00000000080009f8                DMA1_Channel7_IRQHandler
 .text.loadNextFramebufferData
                0x0000000008000a0c       0x7c Core/Src/ws2812b.o
 .text.WS2812_sendbuf
                0x0000000008000a88      0x124 Core/Src/ws2812b.o
 .text.DMA_TransferHalfHandler
                0x0000000008000bac       0x64 Core/Src/ws2812b.o
                0x0000000008000bac                DMA_TransferHalfHandler
 .text.DMA_TransferCompleteHandler
                0x0000000008000c10       0xf4 Core/Src/ws2812b.o
                0x0000000008000c10                DMA_TransferCompleteHandler
 .text.TIM2_IRQHandler
                0x0000000008000d04       0x14 Core/Src/ws2812b.o
                0x0000000008000d04                TIM2_IRQHandler
 .text.HAL_TIM_PeriodElapsedCallback
                0x0000000008000d18       0x84 Core/Src/ws2812b.o
                0x0000000008000d18                HAL_TIM_PeriodElapsedCallback
 .text.ws2812b_set_pixel
                0x0000000008000d9c      0x1cc Core/Src/ws2812b.o
 .text.ws2812b_init
                0x0000000008000f68       0x20 Core/Src/ws2812b.o
                0x0000000008000f68                ws2812b_init
 .text.ws2812b_handle
                0x0000000008000f88       0x20 Core/Src/ws2812b.o
                0x0000000008000f88                ws2812b_handle
 .text.Reset_Handler
                0x0000000008000fa8       0x48 Core/Startup/startup_stm32f103c8tx.o
                0x0000000008000fa8                Reset_Handler
 .text.Default_Handler
                0x0000000008000ff0        0x2 Core/Startup/startup_stm32f103c8tx.o
                0x0000000008000ff0                RTC_Alarm_IRQHandler
                0x0000000008000ff0                EXTI2_IRQHandler
                0x0000000008000ff0                TIM1_CC_IRQHandler
                0x0000000008000ff0                PVD_IRQHandler
                0x0000000008000ff0                EXTI3_IRQHandler
                0x0000000008000ff0                EXTI0_IRQHandler
                0x0000000008000ff0                I2C2_EV_IRQHandler
                0x0000000008000ff0                ADC1_2_IRQHandler
                0x0000000008000ff0                SPI1_IRQHandler
                0x0000000008000ff0                TAMPER_IRQHandler
                0x0000000008000ff0                DMA1_Channel4_IRQHandler
                0x0000000008000ff0                USART3_IRQHandler
                0x0000000008000ff0                RTC_IRQHandler
                0x0000000008000ff0                CAN1_RX1_IRQHandler
                0x0000000008000ff0                TIM4_IRQHandler
                0x0000000008000ff0                I2C1_EV_IRQHandler
                0x0000000008000ff0                DMA1_Channel6_IRQHandler
                0x0000000008000ff0                TIM3_IRQHandler
                0x0000000008000ff0                RCC_IRQHandler
                0x0000000008000ff0                TIM1_TRG_COM_IRQHandler
                0x0000000008000ff0                DMA1_Channel1_IRQHandler
                0x0000000008000ff0                Default_Handler
                0x0000000008000ff0                EXTI15_10_IRQHandler
                0x0000000008000ff0                EXTI9_5_IRQHandler
                0x0000000008000ff0                SPI2_IRQHandler
                0x0000000008000ff0                EXTI4_IRQHandler
                0x0000000008000ff0                USB_LP_CAN1_RX0_IRQHandler
                0x0000000008000ff0                USB_HP_CAN1_TX_IRQHandler
                0x0000000008000ff0                DMA1_Channel3_IRQHandler
                0x0000000008000ff0                TIM1_UP_IRQHandler
                0x0000000008000ff0                WWDG_IRQHandler
                0x0000000008000ff0                TIM1_BRK_IRQHandler
                0x0000000008000ff0                EXTI1_IRQHandler
                0x0000000008000ff0                USART2_IRQHandler
                0x0000000008000ff0                I2C2_ER_IRQHandler
                0x0000000008000ff0                CAN1_SCE_IRQHandler
                0x0000000008000ff0                FLASH_IRQHandler
                0x0000000008000ff0                USART1_IRQHandler
                0x0000000008000ff0                I2C1_ER_IRQHandler
                0x0000000008000ff0                USBWakeUp_IRQHandler
 *fill*         0x0000000008000ff2        0x2 
 .text.HAL_Init
                0x0000000008000ff4       0x2c Drivers/STM32F1xx_HAL_Driver/Src/stm32f1xx_hal.o
                0x0000000008000ff4                HAL_Init
 .text.HAL_InitTick
                0x0000000008001020       0x60 Drivers/STM32F1xx_HAL_Driver/Src/stm32f1xx_hal.o
                0x0000000008001020                HAL_InitTick
 .text.HAL_IncTick
                0x0000000008001080       0x24 Drivers/STM32F1xx_HAL_Driver/Src/stm32f1xx_hal.o
                0x0000000008001080                HAL_IncTick
 .text.HAL_GetTick
                0x00000000080010a4       0x14 Drivers/STM32F1xx_HAL_Driver/Src/stm32f1xx_hal.o
                0x00000000080010a4                HAL_GetTick
 .text.__NVIC_SetPriorityGrouping
                0x00000000080010b8       0x48 Drivers/STM32F1xx_HAL_Driver/Src/stm32f1xx_hal_cortex.o
 .text.__NVIC_GetPriorityGrouping
                0x0000000008001100       0x1c Drivers/STM32F1xx_HAL_Driver/Src/stm32f1xx_hal_cortex.o
 .text.__NVIC_EnableIRQ
                0x000000000800111c       0x38 Drivers/STM32F1xx_HAL_Driver/Src/stm32f1xx_hal_cortex.o
 .text.__NVIC_SetPriority
                0x0000000008001154       0x54 Drivers/STM32F1xx_HAL_Driver/Src/stm32f1xx_hal_cortex.o
 .text.NVIC_EncodePriority
                0x00000000080011a8       0x64 Drivers/STM32F1xx_HAL_Driver/Src/stm32f1xx_hal_cortex.o
 .text.SysTick_Config
                0x000000000800120c       0x44 Drivers/STM32F1xx_HAL_Driver/Src/stm32f1xx_hal_cortex.o
 .text.HAL_NVIC_SetPriorityGrouping
                0x0000000008001250       0x16 Drivers/STM32F1xx_HAL_Driver/Src/stm32f1xx_hal_cortex.o
                0x0000000008001250                HAL_NVIC_SetPriorityGrouping
 .text.HAL_NVIC_SetPriority
                0x0000000008001266       0x38 Drivers/STM32F1xx_HAL_Driver/Src/stm32f1xx_hal_cortex.o
                0x0000000008001266                HAL_NVIC_SetPriority
 .text.HAL_NVIC_EnableIRQ
                0x000000000800129e       0x1c Drivers/STM32F1xx_HAL_Driver/Src/stm32f1xx_hal_cortex.o
                0x000000000800129e                HAL_NVIC_EnableIRQ
 .text.HAL_SYSTICK_Config
                0x00000000080012ba       0x18 Drivers/STM32F1xx_HAL_Driver/Src/stm32f1xx_hal_cortex.o
                0x00000000080012ba                HAL_SYSTICK_Config
 *fill*         0x00000000080012d2        0x2 
 .text.HAL_DMA_Init
                0x00000000080012d4       0xb4 Drivers/STM32F1xx_HAL_Driver/Src/stm32f1xx_hal_dma.o
                0x00000000080012d4                HAL_DMA_Init
 .text.HAL_DMA_Start
                0x0000000008001388       0x84 Drivers/STM32F1xx_HAL_Driver/Src/stm32f1xx_hal_dma.o
                0x0000000008001388                HAL_DMA_Start
 .text.HAL_DMA_Start_IT
                0x000000000800140c       0xbe Drivers/STM32F1xx_HAL_Driver/Src/stm32f1xx_hal_dma.o
                0x000000000800140c                HAL_DMA_Start_IT
 *fill*         0x00000000080014ca        0x2 
 .text.HAL_DMA_IRQHandler
                0x00000000080014cc      0x20c Drivers/STM32F1xx_HAL_Driver/Src/stm32f1xx_hal_dma.o
                0x00000000080014cc                HAL_DMA_IRQHandler
 .text.DMA_SetConfig
                0x00000000080016d8       0x5a Drivers/STM32F1xx_HAL_Driver/Src/stm32f1xx_hal_dma.o
 *fill*         0x0000000008001732        0x2 
 .text.HAL_GPIO_Init
                0x0000000008001734      0x2b4 Drivers/STM32F1xx_HAL_Driver/Src/stm32f1xx_hal_gpio.o
                0x0000000008001734                HAL_GPIO_Init
 .text.HAL_RCC_OscConfig
                0x00000000080019e8      0x500 Drivers/STM32F1xx_HAL_Driver/Src/stm32f1xx_hal_rcc.o
                0x00000000080019e8                HAL_RCC_OscConfig
 .text.HAL_RCC_ClockConfig
                0x0000000008001ee8      0x1d4 Drivers/STM32F1xx_HAL_Driver/Src/stm32f1xx_hal_rcc.o
                0x0000000008001ee8                HAL_RCC_ClockConfig
 .text.HAL_RCC_GetSysClockFreq
                0x00000000080020bc       0xc4 Drivers/STM32F1xx_HAL_Driver/Src/stm32f1xx_hal_rcc.o
                0x00000000080020bc                HAL_RCC_GetSysClockFreq
 .text.RCC_Delay
                0x0000000008002180       0x3c Drivers/STM32F1xx_HAL_Driver/Src/stm32f1xx_hal_rcc.o
 .text.HAL_TIM_Base_Start
                0x00000000080021bc       0x94 Drivers/STM32F1xx_HAL_Driver/Src/stm32f1xx_hal_tim.o
                0x00000000080021bc                HAL_TIM_Base_Start
 .text.HAL_TIM_PWM_Init
                0x0000000008002250       0x9e Drivers/STM32F1xx_HAL_Driver/Src/stm32f1xx_hal_tim.o
                0x0000000008002250                HAL_TIM_PWM_Init
 .text.HAL_TIM_PWM_MspInit
                0x00000000080022ee       0x12 Drivers/STM32F1xx_HAL_Driver/Src/stm32f1xx_hal_tim.o
                0x00000000080022ee                HAL_TIM_PWM_MspInit
 .text.HAL_TIM_PWM_Start
                0x0000000008002300      0x144 Drivers/STM32F1xx_HAL_Driver/Src/stm32f1xx_hal_tim.o
                0x0000000008002300                HAL_TIM_PWM_Start
 .text.HAL_TIM_IRQHandler
                0x0000000008002444      0x210 Drivers/STM32F1xx_HAL_Driver/Src/stm32f1xx_hal_tim.o
                0x0000000008002444                HAL_TIM_IRQHandler
 .text.HAL_TIM_PWM_ConfigChannel
                0x0000000008002654      0x17c Drivers/STM32F1xx_HAL_Driver/Src/stm32f1xx_hal_tim.o
                0x0000000008002654                HAL_TIM_PWM_ConfigChannel
 .text.HAL_TIM_OC_DelayElapsedCallback
                0x00000000080027d0       0x12 Drivers/STM32F1xx_HAL_Driver/Src/stm32f1xx_hal_tim.o
                0x00000000080027d0                HAL_TIM_OC_DelayElapsedCallback
 .text.HAL_TIM_IC_CaptureCallback
                0x00000000080027e2       0x12 Drivers/STM32F1xx_HAL_Driver/Src/stm32f1xx_hal_tim.o
                0x00000000080027e2                HAL_TIM_IC_CaptureCallback
 .text.HAL_TIM_PWM_PulseFinishedCallback
                0x00000000080027f4       0x12 Drivers/STM32F1xx_HAL_Driver/Src/stm32f1xx_hal_tim.o
                0x00000000080027f4                HAL_TIM_PWM_PulseFinishedCallback
 .text.HAL_TIM_TriggerCallback
                0x0000000008002806       0x12 Drivers/STM32F1xx_HAL_Driver/Src/stm32f1xx_hal_tim.o
                0x0000000008002806                HAL_TIM_TriggerCallback
 .text.TIM_Base_SetConfig
                0x0000000008002818       0xc4 Drivers/STM32F1xx_HAL_Driver/Src/stm32f1xx_hal_tim.o
                0x0000000008002818                TIM_Base_SetConfig
 .text.TIM_OC1_SetConfig
                0x00000000080028dc       0xcc Drivers/STM32F1xx_HAL_Driver/Src/stm32f1xx_hal_tim.o
 .text.TIM_OC2_SetConfig
                0x00000000080029a8       0xd4 Drivers/STM32F1xx_HAL_Driver/Src/stm32f1xx_hal_tim.o
                0x00000000080029a8                TIM_OC2_SetConfig
 .text.TIM_OC3_SetConfig
                0x0000000008002a7c       0xd4 Drivers/STM32F1xx_HAL_Driver/Src/stm32f1xx_hal_tim.o
 .text.TIM_OC4_SetConfig
                0x0000000008002b50       0x9c Drivers/STM32F1xx_HAL_Driver/Src/stm32f1xx_hal_tim.o
 .text.TIM_CCxChannelCmd
                0x0000000008002bec       0x48 Drivers/STM32F1xx_HAL_Driver/Src/stm32f1xx_hal_tim.o
                0x0000000008002bec                TIM_CCxChannelCmd
 .text.HAL_TIMEx_CommutCallback
                0x0000000008002c34       0x12 Drivers/STM32F1xx_HAL_Driver/Src/stm32f1xx_hal_tim_ex.o
                0x0000000008002c34                HAL_TIMEx_CommutCallback
 .text.HAL_TIMEx_BreakCallback
                0x0000000008002c46       0x12 Drivers/STM32F1xx_HAL_Driver/Src/stm32f1xx_hal_tim_ex.o
                0x0000000008002c46                HAL_TIMEx_BreakCallback
 .text.__errno  0x0000000008002c58        0xc c:/st/stm32cubeide_1.5.1/stm32cubeide/plugins/com.st.stm32cube.ide.mcu.externaltools.gnu-tools-for-stm32.7-2018-q2-update.win32_1.5.0.202011040924/tools/bin/../lib/gcc/arm-none-eabi/7.3.1/../../../../arm-none-eabi/lib/thumb/v7-m\libc_nano.a(lib_a-errno.o)
                0x0000000008002c58                __errno
 .text.__libc_init_array
                0x0000000008002c64       0x48 c:/st/stm32cubeide_1.5.1/stm32cubeide/plugins/com.st.stm32cube.ide.mcu.externaltools.gnu-tools-for-stm32.7-2018-q2-update.win32_1.5.0.202011040924/tools/bin/../lib/gcc/arm-none-eabi/7.3.1/../../../../arm-none-eabi/lib/thumb/v7-m\libc_nano.a(lib_a-init.o)
                0x0000000008002c64                __libc_init_array
 .text.memset   0x0000000008002cac       0x10 c:/st/stm32cubeide_1.5.1/stm32cubeide/plugins/com.st.stm32cube.ide.mcu.externaltools.gnu-tools-for-stm32.7-2018-q2-update.win32_1.5.0.202011040924/tools/bin/../lib/gcc/arm-none-eabi/7.3.1/../../../../arm-none-eabi/lib/thumb/v7-m\libc_nano.a(lib_a-memset.o)
                0x0000000008002cac                memset
 .text.rand     0x0000000008002cbc       0x68 c:/st/stm32cubeide_1.5.1/stm32cubeide/plugins/com.st.stm32cube.ide.mcu.externaltools.gnu-tools-for-stm32.7-2018-q2-update.win32_1.5.0.202011040924/tools/bin/../lib/gcc/arm-none-eabi/7.3.1/../../../../arm-none-eabi/lib/thumb/v7-m\libc_nano.a(lib_a-rand.o)
                0x0000000008002cbc                rand
 .text.malloc   0x0000000008002d24       0x10 c:/st/stm32cubeide_1.5.1/stm32cubeide/plugins/com.st.stm32cube.ide.mcu.externaltools.gnu-tools-for-stm32.7-2018-q2-update.win32_1.5.0.202011040924/tools/bin/../lib/gcc/arm-none-eabi/7.3.1/../../../../arm-none-eabi/lib/thumb/v7-m\libc_nano.a(lib_a-malloc.o)
                0x0000000008002d24                malloc
 .text._malloc_r
                0x0000000008002d34       0xb4 c:/st/stm32cubeide_1.5.1/stm32cubeide/plugins/com.st.stm32cube.ide.mcu.externaltools.gnu-tools-for-stm32.7-2018-q2-update.win32_1.5.0.202011040924/tools/bin/../lib/gcc/arm-none-eabi/7.3.1/../../../../arm-none-eabi/lib/thumb/v7-m\libc_nano.a(lib_a-nano-mallocr.o)
                0x0000000008002d34                _malloc_r
 .text._sbrk_r  0x0000000008002de8       0x20 c:/st/stm32cubeide_1.5.1/stm32cubeide/plugins/com.st.stm32cube.ide.mcu.externaltools.gnu-tools-for-stm32.7-2018-q2-update.win32_1.5.0.202011040924/tools/bin/../lib/gcc/arm-none-eabi/7.3.1/../../../../arm-none-eabi/lib/thumb/v7-m\libc_nano.a(lib_a-sbrkr.o)
                0x0000000008002de8                _sbrk_r
 .text.__malloc_lock
                0x0000000008002e08        0x2 c:/st/stm32cubeide_1.5.1/stm32cubeide/plugins/com.st.stm32cube.ide.mcu.externaltools.gnu-tools-for-stm32.7-2018-q2-update.win32_1.5.0.202011040924/tools/bin/../lib/gcc/arm-none-eabi/7.3.1/../../../../arm-none-eabi/lib/thumb/v7-m\libc_nano.a(lib_a-mlock.o)
                0x0000000008002e08                __malloc_lock
 .text.__malloc_unlock
                0x0000000008002e0a        0x2 c:/st/stm32cubeide_1.5.1/stm32cubeide/plugins/com.st.stm32cube.ide.mcu.externaltools.gnu-tools-for-stm32.7-2018-q2-update.win32_1.5.0.202011040924/tools/bin/../lib/gcc/arm-none-eabi/7.3.1/../../../../arm-none-eabi/lib/thumb/v7-m\libc_nano.a(lib_a-mlock.o)
                0x0000000008002e0a                __malloc_unlock
 *(.glue_7)
 .glue_7        0x0000000008002e0c        0x0 linker stubs
 *(.glue_7t)
 .glue_7t       0x0000000008002e0c        0x0 linker stubs
 *(.eh_frame)
 .eh_frame      0x0000000008002e0c        0x0 c:/st/stm32cubeide_1.5.1/stm32cubeide/plugins/com.st.stm32cube.ide.mcu.externaltools.gnu-tools-for-stm32.7-2018-q2-update.win32_1.5.0.202011040924/tools/bin/../lib/gcc/arm-none-eabi/7.3.1/thumb/v7-m/crtbegin.o
 *(.init)
 .init          0x0000000008002e0c        0x4 c:/st/stm32cubeide_1.5.1/stm32cubeide/plugins/com.st.stm32cube.ide.mcu.externaltools.gnu-tools-for-stm32.7-2018-q2-update.win32_1.5.0.202011040924/tools/bin/../lib/gcc/arm-none-eabi/7.3.1/thumb/v7-m/crti.o
                0x0000000008002e0c                _init
 .init          0x0000000008002e10        0x8 c:/st/stm32cubeide_1.5.1/stm32cubeide/plugins/com.st.stm32cube.ide.mcu.externaltools.gnu-tools-for-stm32.7-2018-q2-update.win32_1.5.0.202011040924/tools/bin/../lib/gcc/arm-none-eabi/7.3.1/thumb/v7-m/crtn.o
 *(.fini)
 .fini          0x0000000008002e18        0x4 c:/st/stm32cubeide_1.5.1/stm32cubeide/plugins/com.st.stm32cube.ide.mcu.externaltools.gnu-tools-for-stm32.7-2018-q2-update.win32_1.5.0.202011040924/tools/bin/../lib/gcc/arm-none-eabi/7.3.1/thumb/v7-m/crti.o
                0x0000000008002e18                _fini
 .fini          0x0000000008002e1c        0x8 c:/st/stm32cubeide_1.5.1/stm32cubeide/plugins/com.st.stm32cube.ide.mcu.externaltools.gnu-tools-for-stm32.7-2018-q2-update.win32_1.5.0.202011040924/tools/bin/../lib/gcc/arm-none-eabi/7.3.1/thumb/v7-m/crtn.o
                0x0000000008002e24                . = ALIGN (0x4)
                0x0000000008002e24                _etext = .

.vfp11_veneer   0x0000000008002e24        0x0
 .vfp11_veneer  0x0000000008002e24        0x0 linker stubs

.v4_bx          0x0000000008002e24        0x0
 .v4_bx         0x0000000008002e24        0x0 linker stubs

.iplt           0x0000000008002e24        0x0
 .iplt          0x0000000008002e24        0x0 c:/st/stm32cubeide_1.5.1/stm32cubeide/plugins/com.st.stm32cube.ide.mcu.externaltools.gnu-tools-for-stm32.7-2018-q2-update.win32_1.5.0.202011040924/tools/bin/../lib/gcc/arm-none-eabi/7.3.1/thumb/v7-m/crtbegin.o

.rodata         0x0000000008002e24      0x124
                0x0000000008002e24                . = ALIGN (0x4)
 *(.rodata)
 .rodata        0x0000000008002e24       0x12 Drivers/STM32F1xx_HAL_Driver/Src/stm32f1xx_hal_rcc.o
 *(.rodata*)
 *fill*         0x0000000008002e36        0x2 
 .rodata.AHBPrescTable
                0x0000000008002e38       0x10 Core/Src/system_stm32f1xx.o
                0x0000000008002e38                AHBPrescTable
 .rodata.gammaTable
                0x0000000008002e48      0x100 Core/Src/ws2812b.o
                0x0000000008002e48                gammaTable
                0x0000000008002f48                . = ALIGN (0x4)

.rel.dyn        0x0000000008002f48        0x0
 .rel.iplt      0x0000000008002f48        0x0 c:/st/stm32cubeide_1.5.1/stm32cubeide/plugins/com.st.stm32cube.ide.mcu.externaltools.gnu-tools-for-stm32.7-2018-q2-update.win32_1.5.0.202011040924/tools/bin/../lib/gcc/arm-none-eabi/7.3.1/thumb/v7-m/crtbegin.o

.ARM.extab      0x0000000008002f48        0x0
                0x0000000008002f48                . = ALIGN (0x4)
 *(.ARM.extab* .gnu.linkonce.armextab.*)
                0x0000000008002f48                . = ALIGN (0x4)

.ARM            0x0000000008002f48        0x0
                0x0000000008002f48                . = ALIGN (0x4)
                0x0000000008002f48                __exidx_start = .
 *(.ARM.exidx*)
                0x0000000008002f48                __exidx_end = .
                0x0000000008002f48                . = ALIGN (0x4)

.preinit_array  0x0000000008002f48        0x0
                0x0000000008002f48                . = ALIGN (0x4)
                0x0000000008002f48                PROVIDE (__preinit_array_start = .)
 *(.preinit_array*)
                0x0000000008002f48                PROVIDE (__preinit_array_end = .)
                0x0000000008002f48                . = ALIGN (0x4)

.init_array     0x0000000008002f48        0x4
                0x0000000008002f48                . = ALIGN (0x4)
                0x0000000008002f48                PROVIDE (__init_array_start = .)
 *(SORT_BY_NAME(.init_array.*))
 *(.init_array*)
 .init_array    0x0000000008002f48        0x4 c:/st/stm32cubeide_1.5.1/stm32cubeide/plugins/com.st.stm32cube.ide.mcu.externaltools.gnu-tools-for-stm32.7-2018-q2-update.win32_1.5.0.202011040924/tools/bin/../lib/gcc/arm-none-eabi/7.3.1/thumb/v7-m/crtbegin.o
                0x0000000008002f4c                PROVIDE (__init_array_end = .)
                0x0000000008002f4c                . = ALIGN (0x4)

.fini_array     0x0000000008002f4c        0x4
                0x0000000008002f4c                . = ALIGN (0x4)
                [!provide]                        PROVIDE (__fini_array_start = .)
 *(SORT_BY_NAME(.fini_array.*))
 *(.fini_array*)
 .fini_array    0x0000000008002f4c        0x4 c:/st/stm32cubeide_1.5.1/stm32cubeide/plugins/com.st.stm32cube.ide.mcu.externaltools.gnu-tools-for-stm32.7-2018-q2-update.win32_1.5.0.202011040924/tools/bin/../lib/gcc/arm-none-eabi/7.3.1/thumb/v7-m/crtbegin.o
                [!provide]                        PROVIDE (__fini_array_end = .)
                0x0000000008002f50                . = ALIGN (0x4)
                0x0000000008002f50                _sidata = LOADADDR (.data)

.data           0x0000000020000000       0x78 load address 0x0000000008002f50
                0x0000000020000000                . = ALIGN (0x4)
                0x0000000020000000                _sdata = .
 *(.data)
 *(.data*)
 .data.SystemCoreClock
                0x0000000020000000        0x4 Core/Src/system_stm32f1xx.o
                0x0000000020000000                SystemCoreClock
 .data.WS2812_IO_High
                0x0000000020000004        0x4 Core/Src/ws2812b.o
                0x0000000020000004                WS2812_IO_High
 .data.WS2812_IO_Low
                0x0000000020000008        0x4 Core/Src/ws2812b.o
                0x0000000020000008                WS2812_IO_Low
 .data.uwTickPrio
                0x000000002000000c        0x4 Drivers/STM32F1xx_HAL_Driver/Src/stm32f1xx_hal.o
                0x000000002000000c                uwTickPrio
 .data.uwTickFreq
                0x0000000020000010        0x1 Drivers/STM32F1xx_HAL_Driver/Src/stm32f1xx_hal.o
                0x0000000020000010                uwTickFreq
 *fill*         0x0000000020000011        0x3 
 .data._impure_ptr
                0x0000000020000014        0x4 c:/st/stm32cubeide_1.5.1/stm32cubeide/plugins/com.st.stm32cube.ide.mcu.externaltools.gnu-tools-for-stm32.7-2018-q2-update.win32_1.5.0.202011040924/tools/bin/../lib/gcc/arm-none-eabi/7.3.1/../../../../arm-none-eabi/lib/thumb/v7-m\libc_nano.a(lib_a-impure.o)
                0x0000000020000014                _impure_ptr
 .data.impure_data
                0x0000000020000018       0x60 c:/st/stm32cubeide_1.5.1/stm32cubeide/plugins/com.st.stm32cube.ide.mcu.externaltools.gnu-tools-for-stm32.7-2018-q2-update.win32_1.5.0.202011040924/tools/bin/../lib/gcc/arm-none-eabi/7.3.1/../../../../arm-none-eabi/lib/thumb/v7-m\libc_nano.a(lib_a-impure.o)
 *(.RamFunc)
 *(.RamFunc*)
                0x0000000020000078                . = ALIGN (0x4)
                0x0000000020000078                _edata = .

.igot.plt       0x0000000020000078        0x0 load address 0x0000000008002fc8
 .igot.plt      0x0000000020000078        0x0 c:/st/stm32cubeide_1.5.1/stm32cubeide/plugins/com.st.stm32cube.ide.mcu.externaltools.gnu-tools-for-stm32.7-2018-q2-update.win32_1.5.0.202011040924/tools/bin/../lib/gcc/arm-none-eabi/7.3.1/thumb/v7-m/crtbegin.o
                0x0000000020000078                . = ALIGN (0x4)

.bss            0x0000000020000078      0x2f4 load address 0x0000000008002fc8
                0x0000000020000078                _sbss = .
                0x0000000020000078                __bss_start__ = _sbss
 *(.bss)
 .bss           0x0000000020000078       0x1c c:/st/stm32cubeide_1.5.1/stm32cubeide/plugins/com.st.stm32cube.ide.mcu.externaltools.gnu-tools-for-stm32.7-2018-q2-update.win32_1.5.0.202011040924/tools/bin/../lib/gcc/arm-none-eabi/7.3.1/thumb/v7-m/crtbegin.o
 *(.bss*)
 .bss.__sbrk_heap_end
                0x0000000020000094        0x4 Core/Src/sysmem.o
 .bss.x.6546    0x0000000020000098        0x1 Core/Src/visEffect.o
 *fill*         0x0000000020000099        0x3 
 .bss.timestamp.6563
                0x000000002000009c        0x4 Core/Src/visEffect.o
 .bss.__malloc_free_list
                0x00000000200000a0        0x4 c:/st/stm32cubeide_1.5.1/stm32cubeide/plugins/com.st.stm32cube.ide.mcu.externaltools.gnu-tools-for-stm32.7-2018-q2-update.win32_1.5.0.202011040924/tools/bin/../lib/gcc/arm-none-eabi/7.3.1/../../../../arm-none-eabi/lib/thumb/v7-m\libc_nano.a(lib_a-nano-mallocr.o)
                0x00000000200000a0                __malloc_free_list
 .bss.__malloc_sbrk_start
                0x00000000200000a4        0x4 c:/st/stm32cubeide_1.5.1/stm32cubeide/plugins/com.st.stm32cube.ide.mcu.externaltools.gnu-tools-for-stm32.7-2018-q2-update.win32_1.5.0.202011040924/tools/bin/../lib/gcc/arm-none-eabi/7.3.1/../../../../arm-none-eabi/lib/thumb/v7-m\libc_nano.a(lib_a-nano-mallocr.o)
                0x00000000200000a4                __malloc_sbrk_start
 *(COMMON)
 COMMON         0x00000000200000a8      0x10c Core/Src/visEffect.o
                0x00000000200000a8                frameBuffer2
                0x00000000200000e4                ws2812b
                0x0000000020000100                frameBuffer
 COMMON         0x00000000200001b4      0x1b0 Core/Src/ws2812b.o
                0x00000000200001b4                tim2OC2
                0x00000000200001d0                dmaCC2
                0x0000000020000214                tim2OC1
                0x0000000020000230                tim_period
                0x0000000020000234                dmaCC1
                0x0000000020000278                Tim2Handle
                0x00000000200002c0                ws2812bDmaBitBuffer
                0x0000000020000320                dmaUpdate
 COMMON         0x0000000020000364        0x4 Drivers/STM32F1xx_HAL_Driver/Src/stm32f1xx_hal.o
                0x0000000020000364                uwTick
 COMMON         0x0000000020000368        0x4 c:/st/stm32cubeide_1.5.1/stm32cubeide/plugins/com.st.stm32cube.ide.mcu.externaltools.gnu-tools-for-stm32.7-2018-q2-update.win32_1.5.0.202011040924/tools/bin/../lib/gcc/arm-none-eabi/7.3.1/../../../../arm-none-eabi/lib/thumb/v7-m\libc_nano.a(lib_a-reent.o)
                0x0000000020000368                errno
                0x000000002000036c                . = ALIGN (0x4)
                0x000000002000036c                _ebss = .
                0x000000002000036c                __bss_end__ = _ebss

._user_heap_stack
                0x000000002000036c      0x604 load address 0x0000000008002fc8
                0x0000000020000370                . = ALIGN (0x8)
 *fill*         0x000000002000036c        0x4 
                [!provide]                        PROVIDE (end = .)
                0x0000000020000370                PROVIDE (_end = .)
                0x0000000020000570                . = (. + _Min_Heap_Size)
 *fill*         0x0000000020000370      0x200 
                0x0000000020000970                . = (. + _Min_Stack_Size)
 *fill*         0x0000000020000570      0x400 
                0x0000000020000970                . = ALIGN (0x8)

/DISCARD/
 libc.a(*)
 libm.a(*)
 libgcc.a(*)

.ARM.attributes
                0x0000000000000000       0x29
 *(.ARM.attributes)
 .ARM.attributes
                0x0000000000000000       0x1d c:/st/stm32cubeide_1.5.1/stm32cubeide/plugins/com.st.stm32cube.ide.mcu.externaltools.gnu-tools-for-stm32.7-2018-q2-update.win32_1.5.0.202011040924/tools/bin/../lib/gcc/arm-none-eabi/7.3.1/thumb/v7-m/crti.o
 .ARM.attributes
                0x000000000000001d       0x2d c:/st/stm32cubeide_1.5.1/stm32cubeide/plugins/com.st.stm32cube.ide.mcu.externaltools.gnu-tools-for-stm32.7-2018-q2-update.win32_1.5.0.202011040924/tools/bin/../lib/gcc/arm-none-eabi/7.3.1/thumb/v7-m/crtbegin.o
 .ARM.attributes
                0x000000000000004a       0x33 Core/Src/main.o
 .ARM.attributes
                0x000000000000007d       0x33 Core/Src/stm32f1xx_hal_msp.o
 .ARM.attributes
                0x00000000000000b0       0x33 Core/Src/stm32f1xx_it.o
 .ARM.attributes
                0x00000000000000e3       0x33 Core/Src/sysmem.o
 .ARM.attributes
                0x0000000000000116       0x33 Core/Src/system_stm32f1xx.o
 .ARM.attributes
                0x0000000000000149       0x33 Core/Src/visEffect.o
 .ARM.attributes
                0x000000000000017c       0x33 Core/Src/ws2812b.o
 .ARM.attributes
                0x00000000000001af       0x21 Core/Startup/startup_stm32f103c8tx.o
 .ARM.attributes
                0x00000000000001d0       0x33 Drivers/STM32F1xx_HAL_Driver/Src/stm32f1xx_hal.o
 .ARM.attributes
                0x0000000000000203       0x33 Drivers/STM32F1xx_HAL_Driver/Src/stm32f1xx_hal_cortex.o
 .ARM.attributes
                0x0000000000000236       0x33 Drivers/STM32F1xx_HAL_Driver/Src/stm32f1xx_hal_dma.o
 .ARM.attributes
                0x0000000000000269       0x33 Drivers/STM32F1xx_HAL_Driver/Src/stm32f1xx_hal_gpio.o
 .ARM.attributes
                0x000000000000029c       0x33 Drivers/STM32F1xx_HAL_Driver/Src/stm32f1xx_hal_rcc.o
 .ARM.attributes
                0x00000000000002cf       0x33 Drivers/STM32F1xx_HAL_Driver/Src/stm32f1xx_hal_tim.o
 .ARM.attributes
                0x0000000000000302       0x33 Drivers/STM32F1xx_HAL_Driver/Src/stm32f1xx_hal_tim_ex.o
 .ARM.attributes
                0x0000000000000335       0x2d c:/st/stm32cubeide_1.5.1/stm32cubeide/plugins/com.st.stm32cube.ide.mcu.externaltools.gnu-tools-for-stm32.7-2018-q2-update.win32_1.5.0.202011040924/tools/bin/../lib/gcc/arm-none-eabi/7.3.1/../../../../arm-none-eabi/lib/thumb/v7-m\libc_nano.a(lib_a-errno.o)
 .ARM.attributes
                0x0000000000000362       0x2d c:/st/stm32cubeide_1.5.1/stm32cubeide/plugins/com.st.stm32cube.ide.mcu.externaltools.gnu-tools-for-stm32.7-2018-q2-update.win32_1.5.0.202011040924/tools/bin/../lib/gcc/arm-none-eabi/7.3.1/../../../../arm-none-eabi/lib/thumb/v7-m\libc_nano.a(lib_a-impure.o)
 .ARM.attributes
                0x000000000000038f       0x2d c:/st/stm32cubeide_1.5.1/stm32cubeide/plugins/com.st.stm32cube.ide.mcu.externaltools.gnu-tools-for-stm32.7-2018-q2-update.win32_1.5.0.202011040924/tools/bin/../lib/gcc/arm-none-eabi/7.3.1/../../../../arm-none-eabi/lib/thumb/v7-m\libc_nano.a(lib_a-init.o)
 .ARM.attributes
                0x00000000000003bc       0x2d c:/st/stm32cubeide_1.5.1/stm32cubeide/plugins/com.st.stm32cube.ide.mcu.externaltools.gnu-tools-for-stm32.7-2018-q2-update.win32_1.5.0.202011040924/tools/bin/../lib/gcc/arm-none-eabi/7.3.1/../../../../arm-none-eabi/lib/thumb/v7-m\libc_nano.a(lib_a-memset.o)
 .ARM.attributes
                0x00000000000003e9       0x2d c:/st/stm32cubeide_1.5.1/stm32cubeide/plugins/com.st.stm32cube.ide.mcu.externaltools.gnu-tools-for-stm32.7-2018-q2-update.win32_1.5.0.202011040924/tools/bin/../lib/gcc/arm-none-eabi/7.3.1/../../../../arm-none-eabi/lib/thumb/v7-m\libc_nano.a(lib_a-rand.o)
 .ARM.attributes
                0x0000000000000416       0x2d c:/st/stm32cubeide_1.5.1/stm32cubeide/plugins/com.st.stm32cube.ide.mcu.externaltools.gnu-tools-for-stm32.7-2018-q2-update.win32_1.5.0.202011040924/tools/bin/../lib/gcc/arm-none-eabi/7.3.1/../../../../arm-none-eabi/lib/thumb/v7-m\libc_nano.a(lib_a-malloc.o)
 .ARM.attributes
                0x0000000000000443       0x2d c:/st/stm32cubeide_1.5.1/stm32cubeide/plugins/com.st.stm32cube.ide.mcu.externaltools.gnu-tools-for-stm32.7-2018-q2-update.win32_1.5.0.202011040924/tools/bin/../lib/gcc/arm-none-eabi/7.3.1/../../../../arm-none-eabi/lib/thumb/v7-m\libc_nano.a(lib_a-nano-mallocr.o)
 .ARM.attributes
                0x0000000000000470       0x2d c:/st/stm32cubeide_1.5.1/stm32cubeide/plugins/com.st.stm32cube.ide.mcu.externaltools.gnu-tools-for-stm32.7-2018-q2-update.win32_1.5.0.202011040924/tools/bin/../lib/gcc/arm-none-eabi/7.3.1/../../../../arm-none-eabi/lib/thumb/v7-m\libc_nano.a(lib_a-sbrkr.o)
 .ARM.attributes
                0x000000000000049d       0x2d c:/st/stm32cubeide_1.5.1/stm32cubeide/plugins/com.st.stm32cube.ide.mcu.externaltools.gnu-tools-for-stm32.7-2018-q2-update.win32_1.5.0.202011040924/tools/bin/../lib/gcc/arm-none-eabi/7.3.1/../../../../arm-none-eabi/lib/thumb/v7-m\libc_nano.a(lib_a-mlock.o)
 .ARM.attributes
                0x00000000000004ca       0x2d c:/st/stm32cubeide_1.5.1/stm32cubeide/plugins/com.st.stm32cube.ide.mcu.externaltools.gnu-tools-for-stm32.7-2018-q2-update.win32_1.5.0.202011040924/tools/bin/../lib/gcc/arm-none-eabi/7.3.1/../../../../arm-none-eabi/lib/thumb/v7-m\libc_nano.a(lib_a-reent.o)
 .ARM.attributes
                0x00000000000004f7       0x1d c:/st/stm32cubeide_1.5.1/stm32cubeide/plugins/com.st.stm32cube.ide.mcu.externaltools.gnu-tools-for-stm32.7-2018-q2-update.win32_1.5.0.202011040924/tools/bin/../lib/gcc/arm-none-eabi/7.3.1/thumb/v7-m/crtn.o
OUTPUT(Test.elf elf32-littlearm)

.debug_info     0x0000000000000000     0xa6b9
 .debug_info    0x0000000000000000      0x9d9 Core/Src/main.o
 .debug_info    0x00000000000009d9      0x859 Core/Src/stm32f1xx_hal_msp.o
 .debug_info    0x0000000000001232      0x20a Core/Src/stm32f1xx_it.o
 .debug_info    0x000000000000143c      0x985 Core/Src/sysmem.o
 .debug_info    0x0000000000001dc1      0x29a Core/Src/system_stm32f1xx.o
 .debug_info    0x000000000000205b      0xbcd Core/Src/visEffect.o
 .debug_info    0x0000000000002c28     0x1651 Core/Src/ws2812b.o
 .debug_info    0x0000000000004279       0x22 Core/Startup/startup_stm32f103c8tx.o
 .debug_info    0x000000000000429b      0x714 Drivers/STM32F1xx_HAL_Driver/Src/stm32f1xx_hal.o
 .debug_info    0x00000000000049af      0xb51 Drivers/STM32F1xx_HAL_Driver/Src/stm32f1xx_hal_cortex.o
 .debug_info    0x0000000000005500      0x7b1 Drivers/STM32F1xx_HAL_Driver/Src/stm32f1xx_hal_dma.o
 .debug_info    0x0000000000005cb1      0x69b Drivers/STM32F1xx_HAL_Driver/Src/stm32f1xx_hal_gpio.o
 .debug_info    0x000000000000634c      0x80f Drivers/STM32F1xx_HAL_Driver/Src/stm32f1xx_hal_rcc.o
 .debug_info    0x0000000000006b5b     0x27ef Drivers/STM32F1xx_HAL_Driver/Src/stm32f1xx_hal_tim.o
 .debug_info    0x000000000000934a     0x136f Drivers/STM32F1xx_HAL_Driver/Src/stm32f1xx_hal_tim_ex.o

.debug_abbrev   0x0000000000000000     0x1b84
 .debug_abbrev  0x0000000000000000      0x21a Core/Src/main.o
 .debug_abbrev  0x000000000000021a      0x18e Core/Src/stm32f1xx_hal_msp.o
 .debug_abbrev  0x00000000000003a8       0xc6 Core/Src/stm32f1xx_it.o
 .debug_abbrev  0x000000000000046e      0x19b Core/Src/sysmem.o
 .debug_abbrev  0x0000000000000609      0x134 Core/Src/system_stm32f1xx.o
 .debug_abbrev  0x000000000000073d      0x226 Core/Src/visEffect.o
 .debug_abbrev  0x0000000000000963      0x30c Core/Src/ws2812b.o
 .debug_abbrev  0x0000000000000c6f       0x12 Core/Startup/startup_stm32f103c8tx.o
 .debug_abbrev  0x0000000000000c81      0x1c7 Drivers/STM32F1xx_HAL_Driver/Src/stm32f1xx_hal.o
 .debug_abbrev  0x0000000000000e48      0x2d5 Drivers/STM32F1xx_HAL_Driver/Src/stm32f1xx_hal_cortex.o
 .debug_abbrev  0x000000000000111d      0x1fe Drivers/STM32F1xx_HAL_Driver/Src/stm32f1xx_hal_dma.o
 .debug_abbrev  0x000000000000131b      0x1c0 Drivers/STM32F1xx_HAL_Driver/Src/stm32f1xx_hal_gpio.o
 .debug_abbrev  0x00000000000014db      0x243 Drivers/STM32F1xx_HAL_Driver/Src/stm32f1xx_hal_rcc.o
 .debug_abbrev  0x000000000000171e      0x230 Drivers/STM32F1xx_HAL_Driver/Src/stm32f1xx_hal_tim.o
 .debug_abbrev  0x000000000000194e      0x236 Drivers/STM32F1xx_HAL_Driver/Src/stm32f1xx_hal_tim_ex.o

.debug_aranges  0x0000000000000000      0xa98
 .debug_aranges
                0x0000000000000000       0x40 Core/Src/main.o
 .debug_aranges
                0x0000000000000040       0x30 Core/Src/stm32f1xx_hal_msp.o
 .debug_aranges
                0x0000000000000070       0x60 Core/Src/stm32f1xx_it.o
 .debug_aranges
                0x00000000000000d0       0x20 Core/Src/sysmem.o
 .debug_aranges
                0x00000000000000f0       0x28 Core/Src/system_stm32f1xx.o
 .debug_aranges
                0x0000000000000118       0x48 Core/Src/visEffect.o
 .debug_aranges
                0x0000000000000160       0x90 Core/Src/ws2812b.o
 .debug_aranges
                0x00000000000001f0       0x28 Core/Startup/startup_stm32f103c8tx.o
 .debug_aranges
                0x0000000000000218       0xe0 Drivers/STM32F1xx_HAL_Driver/Src/stm32f1xx_hal.o
 .debug_aranges
                0x00000000000002f8      0x100 Drivers/STM32F1xx_HAL_Driver/Src/stm32f1xx_hal_cortex.o
 .debug_aranges
                0x00000000000003f8       0x80 Drivers/STM32F1xx_HAL_Driver/Src/stm32f1xx_hal_dma.o
 .debug_aranges
                0x0000000000000478       0x58 Drivers/STM32F1xx_HAL_Driver/Src/stm32f1xx_hal_gpio.o
 .debug_aranges
                0x00000000000004d0       0x90 Drivers/STM32F1xx_HAL_Driver/Src/stm32f1xx_hal_rcc.o
 .debug_aranges
                0x0000000000000560      0x3d0 Drivers/STM32F1xx_HAL_Driver/Src/stm32f1xx_hal_tim.o
 .debug_aranges
                0x0000000000000930      0x168 Drivers/STM32F1xx_HAL_Driver/Src/stm32f1xx_hal_tim_ex.o

.debug_ranges   0x0000000000000000      0x9b0
 .debug_ranges  0x0000000000000000       0x30 Core/Src/main.o
 .debug_ranges  0x0000000000000030       0x20 Core/Src/stm32f1xx_hal_msp.o
 .debug_ranges  0x0000000000000050       0x50 Core/Src/stm32f1xx_it.o
 .debug_ranges  0x00000000000000a0       0x10 Core/Src/sysmem.o
 .debug_ranges  0x00000000000000b0       0x18 Core/Src/system_stm32f1xx.o
 .debug_ranges  0x00000000000000c8       0x38 Core/Src/visEffect.o
 .debug_ranges  0x0000000000000100       0x80 Core/Src/ws2812b.o
 .debug_ranges  0x0000000000000180       0x20 Core/Startup/startup_stm32f103c8tx.o
 .debug_ranges  0x00000000000001a0       0xd0 Drivers/STM32F1xx_HAL_Driver/Src/stm32f1xx_hal.o
 .debug_ranges  0x0000000000000270       0xf0 Drivers/STM32F1xx_HAL_Driver/Src/stm32f1xx_hal_cortex.o
 .debug_ranges  0x0000000000000360       0x70 Drivers/STM32F1xx_HAL_Driver/Src/stm32f1xx_hal_dma.o
 .debug_ranges  0x00000000000003d0       0x48 Drivers/STM32F1xx_HAL_Driver/Src/stm32f1xx_hal_gpio.o
 .debug_ranges  0x0000000000000418       0x80 Drivers/STM32F1xx_HAL_Driver/Src/stm32f1xx_hal_rcc.o
 .debug_ranges  0x0000000000000498      0x3c0 Drivers/STM32F1xx_HAL_Driver/Src/stm32f1xx_hal_tim.o
 .debug_ranges  0x0000000000000858      0x158 Drivers/STM32F1xx_HAL_Driver/Src/stm32f1xx_hal_tim_ex.o

.debug_macro    0x0000000000000000    0x173e9
 .debug_macro   0x0000000000000000      0x1a3 Core/Src/main.o
 .debug_macro   0x00000000000001a3      0xa5a Core/Src/main.o
 .debug_macro   0x0000000000000bfd      0x215 Core/Src/main.o
 .debug_macro   0x0000000000000e12       0x2e Core/Src/main.o
 .debug_macro   0x0000000000000e40       0x22 Core/Src/main.o
 .debug_macro   0x0000000000000e62       0x22 Core/Src/main.o
 .debug_macro   0x0000000000000e84       0x8e Core/Src/main.o
 .debug_macro   0x0000000000000f12       0x51 Core/Src/main.o
 .debug_macro   0x0000000000000f63       0xef Core/Src/main.o
 .debug_macro   0x0000000000001052       0x6a Core/Src/main.o
 .debug_macro   0x00000000000010bc      0x1df Core/Src/main.o
 .debug_macro   0x000000000000129b       0x1c Core/Src/main.o
 .debug_macro   0x00000000000012b7       0x22 Core/Src/main.o
 .debug_macro   0x00000000000012d9       0xc3 Core/Src/main.o
 .debug_macro   0x000000000000139c      0xd23 Core/Src/main.o
 .debug_macro   0x00000000000020bf     0xe097 Core/Src/main.o
 .debug_macro   0x0000000000010156       0x43 Core/Src/main.o
 .debug_macro   0x0000000000010199     0x3468 Core/Src/main.o
 .debug_macro   0x0000000000013601      0x174 Core/Src/main.o
 .debug_macro   0x0000000000013775       0x5c Core/Src/main.o
 .debug_macro   0x00000000000137d1      0x5be Core/Src/main.o
 .debug_macro   0x0000000000013d8f      0x289 Core/Src/main.o
 .debug_macro   0x0000000000014018      0x1cb Core/Src/main.o
 .debug_macro   0x00000000000141e3      0x114 Core/Src/main.o
 .debug_macro   0x00000000000142f7      0x1b2 Core/Src/main.o
 .debug_macro   0x00000000000144a9       0x27 Core/Src/main.o
 .debug_macro   0x00000000000144d0      0x136 Core/Src/main.o
 .debug_macro   0x0000000000014606      0x1bc Core/Src/main.o
 .debug_macro   0x00000000000147c2       0x34 Core/Src/main.o
 .debug_macro   0x00000000000147f6       0x3c Core/Src/main.o
 .debug_macro   0x0000000000014832       0x57 Core/Src/main.o
 .debug_macro   0x0000000000014889       0x88 Core/Src/main.o
 .debug_macro   0x0000000000014911      0x241 Core/Src/main.o
 .debug_macro   0x0000000000014b52      0x141 Core/Src/main.o
 .debug_macro   0x0000000000014c93      0x8d1 Core/Src/main.o
 .debug_macro   0x0000000000015564       0x83 Core/Src/main.o
 .debug_macro   0x00000000000155e7      0x1a3 Core/Src/stm32f1xx_hal_msp.o
 .debug_macro   0x000000000001578a      0x1ad Core/Src/stm32f1xx_it.o
 .debug_macro   0x0000000000015937       0xee Core/Src/sysmem.o
 .debug_macro   0x0000000000015a25      0x23b Core/Src/sysmem.o
 .debug_macro   0x0000000000015c60      0x199 Core/Src/system_stm32f1xx.o
 .debug_macro   0x0000000000015df9      0x283 Core/Src/visEffect.o
 .debug_macro   0x000000000001607c       0x7c Core/Src/visEffect.o
 .debug_macro   0x00000000000160f8       0x46 Core/Src/visEffect.o
 .debug_macro   0x000000000001613e      0x32a Core/Src/visEffect.o
 .debug_macro   0x0000000000016468      0x26d Core/Src/ws2812b.o
 .debug_macro   0x00000000000166d5       0x10 Core/Src/ws2812b.o
 .debug_macro   0x00000000000166e5       0x20 Core/Src/ws2812b.o
 .debug_macro   0x0000000000016705       0xbd Core/Src/ws2812b.o
 .debug_macro   0x00000000000167c2       0x56 Core/Src/ws2812b.o
 .debug_macro   0x0000000000016818      0x1bd Drivers/STM32F1xx_HAL_Driver/Src/stm32f1xx_hal.o
 .debug_macro   0x00000000000169d5      0x199 Drivers/STM32F1xx_HAL_Driver/Src/stm32f1xx_hal_cortex.o
 .debug_macro   0x0000000000016b6e      0x199 Drivers/STM32F1xx_HAL_Driver/Src/stm32f1xx_hal_dma.o
 .debug_macro   0x0000000000016d07      0x204 Drivers/STM32F1xx_HAL_Driver/Src/stm32f1xx_hal_gpio.o
 .debug_macro   0x0000000000016f0b      0x1ab Drivers/STM32F1xx_HAL_Driver/Src/stm32f1xx_hal_rcc.o
 .debug_macro   0x00000000000170b6      0x19a Drivers/STM32F1xx_HAL_Driver/Src/stm32f1xx_hal_tim.o
 .debug_macro   0x0000000000017250      0x199 Drivers/STM32F1xx_HAL_Driver/Src/stm32f1xx_hal_tim_ex.o

.debug_line     0x0000000000000000     0x917f
 .debug_line    0x0000000000000000      0x6d5 Core/Src/main.o
 .debug_line    0x00000000000006d5      0x686 Core/Src/stm32f1xx_hal_msp.o
 .debug_line    0x0000000000000d5b      0x707 Core/Src/stm32f1xx_it.o
 .debug_line    0x0000000000001462      0x4c7 Core/Src/sysmem.o
 .debug_line    0x0000000000001929      0x687 Core/Src/system_stm32f1xx.o
 .debug_line    0x0000000000001fb0      0x84f Core/Src/visEffect.o
 .debug_line    0x00000000000027ff      0x9ae Core/Src/ws2812b.o
 .debug_line    0x00000000000031ad       0x84 Core/Startup/startup_stm32f103c8tx.o
 .debug_line    0x0000000000003231      0x83a Drivers/STM32F1xx_HAL_Driver/Src/stm32f1xx_hal.o
 .debug_line    0x0000000000003a6b      0x911 Drivers/STM32F1xx_HAL_Driver/Src/stm32f1xx_hal_cortex.o
 .debug_line    0x000000000000437c      0xa9f Drivers/STM32F1xx_HAL_Driver/Src/stm32f1xx_hal_dma.o
 .debug_line    0x0000000000004e1b      0x836 Drivers/STM32F1xx_HAL_Driver/Src/stm32f1xx_hal_gpio.o
 .debug_line    0x0000000000005651      0x8fa Drivers/STM32F1xx_HAL_Driver/Src/stm32f1xx_hal_rcc.o
 .debug_line    0x0000000000005f4b     0x1f93 Drivers/STM32F1xx_HAL_Driver/Src/stm32f1xx_hal_tim.o
 .debug_line    0x0000000000007ede     0x12a1 Drivers/STM32F1xx_HAL_Driver/Src/stm32f1xx_hal_tim_ex.o

.debug_str      0x0000000000000000    0x87833
 .debug_str     0x0000000000000000    0x81629 Core/Src/main.o
                                      0x81a16 (size before relaxing)
 .debug_str     0x0000000000081629       0x90 Core/Src/stm32f1xx_hal_msp.o
                                      0x81843 (size before relaxing)
 .debug_str     0x00000000000816b9       0xbd Core/Src/stm32f1xx_it.o
                                      0x81376 (size before relaxing)
 .debug_str     0x0000000000081776     0x1fc8 Core/Src/sysmem.o
                                       0x5f3d (size before relaxing)
 .debug_str     0x000000000008373e       0x52 Core/Src/system_stm32f1xx.o
                                      0x81346 (size before relaxing)
 .debug_str     0x0000000000083790     0x1a5a Core/Src/visEffect.o
                                      0x84874 (size before relaxing)
 .debug_str     0x00000000000851ea      0x5d6 Core/Src/ws2812b.o
                                      0x8516d (size before relaxing)
 .debug_str     0x00000000000857c0       0x36 Core/Startup/startup_stm32f103c8tx.o
                                         0x6d (size before relaxing)
 .debug_str     0x00000000000857f6      0x304 Drivers/STM32F1xx_HAL_Driver/Src/stm32f1xx_hal.o
                                      0x819d7 (size before relaxing)
 .debug_str     0x0000000000085afa      0x300 Drivers/STM32F1xx_HAL_Driver/Src/stm32f1xx_hal_cortex.o
                                      0x819df (size before relaxing)
 .debug_str     0x0000000000085dfa      0x23d Drivers/STM32F1xx_HAL_Driver/Src/stm32f1xx_hal_dma.o
                                      0x81721 (size before relaxing)
 .debug_str     0x0000000000086037      0x33b Drivers/STM32F1xx_HAL_Driver/Src/stm32f1xx_hal_gpio.o
                                      0x8170a (size before relaxing)
 .debug_str     0x0000000000086372      0x24f Drivers/STM32F1xx_HAL_Driver/Src/stm32f1xx_hal_rcc.o
                                      0x81743 (size before relaxing)
 .debug_str     0x00000000000865c1      0xd5b Drivers/STM32F1xx_HAL_Driver/Src/stm32f1xx_hal_tim.o
                                      0x82715 (size before relaxing)
 .debug_str     0x000000000008731c      0x517 Drivers/STM32F1xx_HAL_Driver/Src/stm32f1xx_hal_tim_ex.o
                                      0x81eef (size before relaxing)

.comment        0x0000000000000000       0x7b
 .comment       0x0000000000000000       0x7b Core/Src/main.o
                                         0x7c (size before relaxing)
 .comment       0x000000000000007b       0x7c Core/Src/stm32f1xx_hal_msp.o
 .comment       0x000000000000007b       0x7c Core/Src/stm32f1xx_it.o
 .comment       0x000000000000007b       0x7c Core/Src/sysmem.o
 .comment       0x000000000000007b       0x7c Core/Src/system_stm32f1xx.o
 .comment       0x000000000000007b       0x7c Core/Src/visEffect.o
 .comment       0x000000000000007b       0x7c Core/Src/ws2812b.o
 .comment       0x000000000000007b       0x7c Drivers/STM32F1xx_HAL_Driver/Src/stm32f1xx_hal.o
 .comment       0x000000000000007b       0x7c Drivers/STM32F1xx_HAL_Driver/Src/stm32f1xx_hal_cortex.o
 .comment       0x000000000000007b       0x7c Drivers/STM32F1xx_HAL_Driver/Src/stm32f1xx_hal_dma.o
 .comment       0x000000000000007b       0x7c Drivers/STM32F1xx_HAL_Driver/Src/stm32f1xx_hal_gpio.o
 .comment       0x000000000000007b       0x7c Drivers/STM32F1xx_HAL_Driver/Src/stm32f1xx_hal_rcc.o
 .comment       0x000000000000007b       0x7c Drivers/STM32F1xx_HAL_Driver/Src/stm32f1xx_hal_tim.o
 .comment       0x000000000000007b       0x7c Drivers/STM32F1xx_HAL_Driver/Src/stm32f1xx_hal_tim_ex.o

.debug_frame    0x0000000000000000     0x2c30
 .debug_frame   0x0000000000000000       0xb4 Core/Src/main.o
 .debug_frame   0x00000000000000b4       0x88 Core/Src/stm32f1xx_hal_msp.o
 .debug_frame   0x000000000000013c      0x104 Core/Src/stm32f1xx_it.o
 .debug_frame   0x0000000000000240       0x34 Core/Src/sysmem.o
 .debug_frame   0x0000000000000274       0x58 Core/Src/system_stm32f1xx.o
 .debug_frame   0x00000000000002cc       0xd4 Core/Src/visEffect.o
 .debug_frame   0x00000000000003a0      0x20c Core/Src/ws2812b.o
 .debug_frame   0x00000000000005ac      0x334 Drivers/STM32F1xx_HAL_Driver/Src/stm32f1xx_hal.o
 .debug_frame   0x00000000000008e0      0x428 Drivers/STM32F1xx_HAL_Driver/Src/stm32f1xx_hal_cortex.o
 .debug_frame   0x0000000000000d08      0x208 Drivers/STM32F1xx_HAL_Driver/Src/stm32f1xx_hal_dma.o
 .debug_frame   0x0000000000000f10      0x14c Drivers/STM32F1xx_HAL_Driver/Src/stm32f1xx_hal_gpio.o
 .debug_frame   0x000000000000105c      0x21c Drivers/STM32F1xx_HAL_Driver/Src/stm32f1xx_hal_rcc.o
 .debug_frame   0x0000000000001278     0x11b8 Drivers/STM32F1xx_HAL_Driver/Src/stm32f1xx_hal_tim.o
 .debug_frame   0x0000000000002430      0x638 Drivers/STM32F1xx_HAL_Driver/Src/stm32f1xx_hal_tim_ex.o
 .debug_frame   0x0000000000002a68       0x20 c:/st/stm32cubeide_1.5.1/stm32cubeide/plugins/com.st.stm32cube.ide.mcu.externaltools.gnu-tools-for-stm32.7-2018-q2-update.win32_1.5.0.202011040924/tools/bin/../lib/gcc/arm-none-eabi/7.3.1/../../../../arm-none-eabi/lib/thumb/v7-m\libc_nano.a(lib_a-errno.o)
 .debug_frame   0x0000000000002a88       0x2c c:/st/stm32cubeide_1.5.1/stm32cubeide/plugins/com.st.stm32cube.ide.mcu.externaltools.gnu-tools-for-stm32.7-2018-q2-update.win32_1.5.0.202011040924/tools/bin/../lib/gcc/arm-none-eabi/7.3.1/../../../../arm-none-eabi/lib/thumb/v7-m\libc_nano.a(lib_a-init.o)
 .debug_frame   0x0000000000002ab4       0x20 c:/st/stm32cubeide_1.5.1/stm32cubeide/plugins/com.st.stm32cube.ide.mcu.externaltools.gnu-tools-for-stm32.7-2018-q2-update.win32_1.5.0.202011040924/tools/bin/../lib/gcc/arm-none-eabi/7.3.1/../../../../arm-none-eabi/lib/thumb/v7-m\libc_nano.a(lib_a-memset.o)
 .debug_frame   0x0000000000002ad4       0x48 c:/st/stm32cubeide_1.5.1/stm32cubeide/plugins/com.st.stm32cube.ide.mcu.externaltools.gnu-tools-for-stm32.7-2018-q2-update.win32_1.5.0.202011040924/tools/bin/../lib/gcc/arm-none-eabi/7.3.1/../../../../arm-none-eabi/lib/thumb/v7-m\libc_nano.a(lib_a-rand.o)
 .debug_frame   0x0000000000002b1c       0x30 c:/st/stm32cubeide_1.5.1/stm32cubeide/plugins/com.st.stm32cube.ide.mcu.externaltools.gnu-tools-for-stm32.7-2018-q2-update.win32_1.5.0.202011040924/tools/bin/../lib/gcc/arm-none-eabi/7.3.1/../../../../arm-none-eabi/lib/thumb/v7-m\libc_nano.a(lib_a-malloc.o)
 .debug_frame   0x0000000000002b4c       0x2c c:/st/stm32cubeide_1.5.1/stm32cubeide/plugins/com.st.stm32cube.ide.mcu.externaltools.gnu-tools-for-stm32.7-2018-q2-update.win32_1.5.0.202011040924/tools/bin/../lib/gcc/arm-none-eabi/7.3.1/../../../../arm-none-eabi/lib/thumb/v7-m\libc_nano.a(lib_a-nano-mallocr.o)
 .debug_frame   0x0000000000002b78       0x2c c:/st/stm32cubeide_1.5.1/stm32cubeide/plugins/com.st.stm32cube.ide.mcu.externaltools.gnu-tools-for-stm32.7-2018-q2-update.win32_1.5.0.202011040924/tools/bin/../lib/gcc/arm-none-eabi/7.3.1/../../../../arm-none-eabi/lib/thumb/v7-m\libc_nano.a(lib_a-sbrkr.o)
 .debug_frame   0x0000000000002ba4       0x30 c:/st/stm32cubeide_1.5.1/stm32cubeide/plugins/com.st.stm32cube.ide.mcu.externaltools.gnu-tools-for-stm32.7-2018-q2-update.win32_1.5.0.202011040924/tools/bin/../lib/gcc/arm-none-eabi/7.3.1/../../../../arm-none-eabi/lib/thumb/v7-m\libc_nano.a(lib_a-mlock.o)
 .debug_frame   0x0000000000002bd4       0x5c c:/st/stm32cubeide_1.5.1/stm32cubeide/plugins/com.st.stm32cube.ide.mcu.externaltools.gnu-tools-for-stm32.7-2018-q2-update.win32_1.5.0.202011040924/tools/bin/../lib/gcc/arm-none-eabi/7.3.1/../../../../arm-none-eabi/lib/thumb/v7-m\libc_nano.a(lib_a-reent.o)
