ws2812b.c:48:13:ws2812b_gpio_init	32	static
ws2812b.c:77:13:TIM2_init	24	static
ws2812b.c:129:13:DMA_init	16	static
ws2812b.c:193:6:DMA1_Channel2_IRQHandler	8	static
ws2812b.c:199:6:DMA1_Channel5_IRQHandler	8	static
ws2812b.c:205:6:DMA1_Channel7_IRQHandler	8	static
ws2812b.c:213:13:loadNextFramebufferData	48	static
ws2812b.c:228:13:WS2812_sendbuf	16	static
ws2812b.c:276:6:DMA_TransferHalfHandler	32	static
ws2812b.c:303:6:DMA_TransferCompleteHandler	24	static
ws2812b.c:347:6:TIM2_IRQHandler	8	static
ws2812b.c:353:6:HAL_TIM_PeriodElapsedCallback	16	static
ws2812b.c:377:13:ws2812b_set_pixel	40	static
ws2812b.c:668:6:ws2812b_init	8	static
ws2812b.c:680:6:ws2812b_handle	8	static
